// Jest Snapshot v1, https://goo.gl/fbAQLP

exports[`forgotPassword normal case render correctly with authState forgotPassword 1`] = `ShallowWrapper {}`;
