// Jest Snapshot v1, https://goo.gl/fbAQLP

exports[`RequireNewPassword normal case render correctly 1`] = `ShallowWrapper {}`;
